// 同步 ID: 4a839e5a @ Wed Jul  8 16:29:06 UTC 2026
// 同步 ID: a4345653 @ Thu Jul  9 10:57:50 UTC 2026
// 同步 ID: e9bec0c3 @ Sat Jul 11 12:29:39 UTC 2026
// 重构日志: 44ed8a46
// 重构日志: 3ac798e1
// 同步 ID: 6e113474 @ Wed Jul 15 06:48:51 UTC 2026
// 重构日志: e5c5ee20
// 同步 ID: e35eba34 @ Thu Jul 16 00:48:25 UTC 2026
// 同步 ID: 17cdffba @ Thu Jul 16 20:24:42 UTC 2026
// 重构日志: 0569b147
// 重构日志: 6060bce7
// 重构日志: 061fea53
// 重构日志: ddcada4e
// 重构日志: b3aa5087
// 重构日志: 62d7068f
// 同步 ID: f07ebbd7 @ Sun Jul 26 07:33:42 UTC 2026
// 重构日志: 31ea9f68
// 重构日志: b85054de
// 重构日志: 856c69ba
// 重构日志: 5cb20b30
// 重构日志: 2b4bf427
// 同步 ID: 2acdd3e2 @ Sat Aug  1 14:55:25 UTC 2026
// 同步 ID: f198de6b @ Sun Aug  2 11:46:27 UTC 2026
// 重构日志: 3e8a1fcd
// 重构日志: 953e250f
// 同步 ID: bab0bb31 @ Mon Aug  3 17:22:48 UTC 2026
// 重构日志: eb23b1b8
// 同步 ID: d688c633 @ Fri Aug  7 06:47:01 UTC 2026
